------------------------------------------------------------
Timing Analyzer Summary
------------------------------------------------------------

Type  : Slow 1100mV 85C Model Setup 'clk'
Slack : 14.969
TNS   : 0.000

Type  : Slow 1100mV 85C Model Hold 'clk'
Slack : 0.362
TNS   : 0.000

Type  : Slow 1100mV 85C Model Minimum Pulse Width 'clk'
Slack : 9.404
TNS   : 0.000

Type  : Slow 1100mV 0C Model Setup 'clk'
Slack : 14.995
TNS   : 0.000

Type  : Slow 1100mV 0C Model Hold 'clk'
Slack : 0.369
TNS   : 0.000

Type  : Slow 1100mV 0C Model Minimum Pulse Width 'clk'
Slack : 9.321
TNS   : 0.000

Type  : Fast 1100mV 85C Model Setup 'clk'
Slack : 17.125
TNS   : 0.000

Type  : Fast 1100mV 85C Model Hold 'clk'
Slack : 0.177
TNS   : 0.000

Type  : Fast 1100mV 85C Model Minimum Pulse Width 'clk'
Slack : 9.409
TNS   : 0.000

Type  : Fast 1100mV 0C Model Setup 'clk'
Slack : 17.363
TNS   : 0.000

Type  : Fast 1100mV 0C Model Hold 'clk'
Slack : 0.170
TNS   : 0.000

Type  : Fast 1100mV 0C Model Minimum Pulse Width 'clk'
Slack : 9.411
TNS   : 0.000

------------------------------------------------------------
